Archive member included because of file (symbol)

c:/winavr-20100110/bin/../lib/gcc/avr/4.3.3/avr5\libgcc.a(_mulsi3.o)
                              ./TMP_SENSOR.o (__mulsi3)
c:/winavr-20100110/bin/../lib/gcc/avr/4.3.3/avr5\libgcc.a(_udivmodqi4.o)
                              ./LCD.o (__udivmodqi4)
c:/winavr-20100110/bin/../lib/gcc/avr/4.3.3/avr5\libgcc.a(_divmodhi4.o)
                              ./QUEUE.o (__divmodhi4)
c:/winavr-20100110/bin/../lib/gcc/avr/4.3.3/avr5\libgcc.a(_udivmodsi4.o)
                              ./TMP_SENSOR.o (__udivmodsi4)
c:/winavr-20100110/bin/../lib/gcc/avr/4.3.3/avr5\libgcc.a(_exit.o)
                              c:/winavr-20100110/bin/../lib/gcc/avr/4.3.3/../../../../avr/lib/avr5/crtm32.o (exit)
c:/winavr-20100110/bin/../lib/gcc/avr/4.3.3/avr5\libgcc.a(_copy_data.o)
                              ./DIO.o (__do_copy_data)
c:/winavr-20100110/bin/../lib/gcc/avr/4.3.3/avr5\libgcc.a(_clear_bss.o)
                              ./CO_SCH.o (__do_clear_bss)
c:/winavr-20100110/bin/../lib/gcc/avr/4.3.3/avr5\libgcc.a(_udivmodhi4.o)
                              c:/winavr-20100110/bin/../lib/gcc/avr/4.3.3/avr5\libgcc.a(_divmodhi4.o) (__udivmodhi4)

Allocating common symbols
Common symbol       size              file

URT_Tx_Queue        0x5               ./URT.o

Memory Configuration

Name             Origin             Length             Attributes
text             0x00000000         0x00020000         xr
data             0x00800060         0x0000ffa0         rw !x
eeprom           0x00810000         0x00010000         rw !x
fuse             0x00820000         0x00000400         rw !x
lock             0x00830000         0x00000400         rw !x
signature        0x00840000         0x00000400         rw !x
*default*        0x00000000         0xffffffff

Linker script and memory map

LOAD c:/winavr-20100110/bin/../lib/gcc/avr/4.3.3/../../../../avr/lib/avr5/crtm32.o
LOAD ./ADC.o
LOAD ./CO_SCH.o
LOAD ./DIO.o
LOAD ./DIO_CFG.o
LOAD ./KEYPAD.o
LOAD ./KEYPAD_CFG.o
LOAD ./LCD.o
LOAD ./QUEUE.o
LOAD ./TMP_SENSOR.o
LOAD ./TMR0.o
LOAD ./URT.o
LOAD ./main.o
LOAD c:/winavr-20100110/bin/../lib/gcc/avr/4.3.3/avr5\libgcc.a
LOAD c:/winavr-20100110/bin/../lib/gcc/avr/4.3.3/../../../../avr/lib/avr5\libc.a
LOAD c:/winavr-20100110/bin/../lib/gcc/avr/4.3.3/avr5\libgcc.a

.hash
 *(.hash)

.dynsym
 *(.dynsym)

.dynstr
 *(.dynstr)

.gnu.version
 *(.gnu.version)

.gnu.version_d
 *(.gnu.version_d)

.gnu.version_r
 *(.gnu.version_r)

.rel.init
 *(.rel.init)

.rela.init
 *(.rela.init)

.rel.text
 *(.rel.text)
 *(.rel.text.*)
 *(.rel.gnu.linkonce.t*)

.rela.text
 *(.rela.text)
 *(.rela.text.*)
 *(.rela.gnu.linkonce.t*)

.rel.fini
 *(.rel.fini)

.rela.fini
 *(.rela.fini)

.rel.rodata
 *(.rel.rodata)
 *(.rel.rodata.*)
 *(.rel.gnu.linkonce.r*)

.rela.rodata
 *(.rela.rodata)
 *(.rela.rodata.*)
 *(.rela.gnu.linkonce.r*)

.rel.data
 *(.rel.data)
 *(.rel.data.*)
 *(.rel.gnu.linkonce.d*)

.rela.data
 *(.rela.data)
 *(.rela.data.*)
 *(.rela.gnu.linkonce.d*)

.rel.ctors
 *(.rel.ctors)

.rela.ctors
 *(.rela.ctors)

.rel.dtors
 *(.rel.dtors)

.rela.dtors
 *(.rela.dtors)

.rel.got
 *(.rel.got)

.rela.got
 *(.rela.got)

.rel.bss
 *(.rel.bss)

.rela.bss
 *(.rela.bss)

.rel.plt
 *(.rel.plt)

.rela.plt
 *(.rela.plt)

.text           0x00000000     0x2462
 *(.vectors)
 .vectors       0x00000000       0x54 c:/winavr-20100110/bin/../lib/gcc/avr/4.3.3/../../../../avr/lib/avr5/crtm32.o
                0x00000000                __vectors
                0x00000000                __vector_default
 *(.vectors)
 *(.progmem.gcc*)
 *(.progmem*)
                0x00000054                . = ALIGN (0x2)
                0x00000054                __trampolines_start = .
 *(.trampolines)
 .trampolines   0x00000054        0x0 linker stubs
 *(.trampolines*)
                0x00000054                __trampolines_end = .
 *(.jumptables)
 *(.jumptables*)
 *(.lowtext)
 *(.lowtext*)
                0x00000054                __ctors_start = .
 *(.ctors)
                0x00000054                __ctors_end = .
                0x00000054                __dtors_start = .
 *(.dtors)
                0x00000054                __dtors_end = .
 SORT(*)(.ctors)
 SORT(*)(.dtors)
 *(.init0)
 .init0         0x00000054        0x0 c:/winavr-20100110/bin/../lib/gcc/avr/4.3.3/../../../../avr/lib/avr5/crtm32.o
                0x00000054                __init
 *(.init0)
 *(.init1)
 *(.init1)
 *(.init2)
 .init2         0x00000054        0xc c:/winavr-20100110/bin/../lib/gcc/avr/4.3.3/../../../../avr/lib/avr5/crtm32.o
 *(.init2)
 *(.init3)
 *(.init3)
 *(.init4)
 .init4         0x00000060       0x16 c:/winavr-20100110/bin/../lib/gcc/avr/4.3.3/avr5\libgcc.a(_copy_data.o)
                0x00000060                __do_copy_data
 .init4         0x00000076       0x10 c:/winavr-20100110/bin/../lib/gcc/avr/4.3.3/avr5\libgcc.a(_clear_bss.o)
                0x00000076                __do_clear_bss
 *(.init4)
 *(.init5)
 *(.init5)
 *(.init6)
 *(.init6)
 *(.init7)
 *(.init7)
 *(.init8)
 *(.init8)
 *(.init9)
 .init9         0x00000086        0x8 c:/winavr-20100110/bin/../lib/gcc/avr/4.3.3/../../../../avr/lib/avr5/crtm32.o
 *(.init9)
 *(.text)
 .text          0x0000008e        0x4 c:/winavr-20100110/bin/../lib/gcc/avr/4.3.3/../../../../avr/lib/avr5/crtm32.o
                0x0000008e                __vector_1
                0x0000008e                __vector_12
                0x0000008e                __bad_interrupt
                0x0000008e                __vector_6
                0x0000008e                __vector_3
                0x0000008e                __vector_11
                0x0000008e                __vector_17
                0x0000008e                __vector_19
                0x0000008e                __vector_7
                0x0000008e                __vector_5
                0x0000008e                __vector_4
                0x0000008e                __vector_9
                0x0000008e                __vector_2
                0x0000008e                __vector_8
                0x0000008e                __vector_14
                0x0000008e                __vector_18
                0x0000008e                __vector_20
 .text          0x00000092        0x0 ./ADC.o
 .text          0x00000092        0x0 ./CO_SCH.o
 .text          0x00000092        0x0 ./DIO.o
 .text          0x00000092        0x0 ./DIO_CFG.o
 .text          0x00000092        0x0 ./KEYPAD.o
 .text          0x00000092        0x0 ./KEYPAD_CFG.o
 .text          0x00000092        0x0 ./LCD.o
 .text          0x00000092        0x0 ./QUEUE.o
 .text          0x00000092        0x0 ./TMP_SENSOR.o
 .text          0x00000092        0x0 ./TMR0.o
 .text          0x00000092        0x0 ./URT.o
 .text          0x00000092        0x0 ./main.o
 .text          0x00000092        0x0 c:/winavr-20100110/bin/../lib/gcc/avr/4.3.3/avr5\libgcc.a(_mulsi3.o)
 .text          0x00000092        0x0 c:/winavr-20100110/bin/../lib/gcc/avr/4.3.3/avr5\libgcc.a(_udivmodqi4.o)
 .text          0x00000092        0x0 c:/winavr-20100110/bin/../lib/gcc/avr/4.3.3/avr5\libgcc.a(_divmodhi4.o)
 .text          0x00000092        0x0 c:/winavr-20100110/bin/../lib/gcc/avr/4.3.3/avr5\libgcc.a(_udivmodsi4.o)
 .text          0x00000092        0x0 c:/winavr-20100110/bin/../lib/gcc/avr/4.3.3/avr5\libgcc.a(_exit.o)
 .text          0x00000092        0x0 c:/winavr-20100110/bin/../lib/gcc/avr/4.3.3/avr5\libgcc.a(_copy_data.o)
 .text          0x00000092        0x0 c:/winavr-20100110/bin/../lib/gcc/avr/4.3.3/avr5\libgcc.a(_clear_bss.o)
 .text          0x00000092        0x0 c:/winavr-20100110/bin/../lib/gcc/avr/4.3.3/avr5\libgcc.a(_udivmodhi4.o)
                0x00000092                . = ALIGN (0x2)
 *(.text.*)
 .text.ADC      0x00000092       0x56 ./ADC.o
                0x00000092                ADC
 .text.ADC_Conversion
                0x000000e8       0x78 ./ADC.o
                0x000000e8                ADC_Conversion
 .text.ADC_Interrupt
                0x00000160       0x56 ./ADC.o
                0x00000160                ADC_Interrupt
 .text.ADC_Set_Prescaler
                0x000001b6       0x32 ./ADC.o
                0x000001b6                ADC_Set_Prescaler
 .text.ADC_Read_Flag
                0x000001e8       0x30 ./ADC.o
                0x000001e8                ADC_Read_Flag
 .text.ADC_Clear_Flag
                0x00000218       0x1c ./ADC.o
                0x00000218                ADC_Clear_Flag
 .text.ADC_Init
                0x00000234       0x1c ./ADC.o
                0x00000234                ADC_Init
 .text.ADC_Read
                0x00000250       0x46 ./ADC.o
                0x00000250                ADC_Read
 .text.CO_SCH_Delete_Task
                0x00000296       0xb2 ./CO_SCH.o
                0x00000296                CO_SCH_Delete_Task
 .text.CO_SCH_Init
                0x00000348       0x54 ./CO_SCH.o
                0x00000348                CO_SCH_Init
 .text.CO_SCH_Add_Task
                0x0000039c       0xe0 ./CO_SCH.o
                0x0000039c                CO_SCH_Add_Task
 .text.CO_SCH_Dispatch_Tasks
                0x0000047c       0xd8 ./CO_SCH.o
                0x0000047c                CO_SCH_Dispatch_Tasks
 .text.CO_SCH_Update_Tasks
                0x00000554      0x10e ./CO_SCH.o
 .text.CO_SCH_Start
                0x00000662       0x2a ./CO_SCH.o
                0x00000662                CO_SCH_Start
 .text.CO_SCH_Stop
                0x0000068c       0x22 ./CO_SCH.o
                0x0000068c                CO_SCH_Stop
 .text.__vector_10
                0x000006ae       0x2a ./CO_SCH.o
                0x000006ae                __vector_10
 .text.DIO_INIT
                0x000006d8      0x16a ./DIO.o
                0x000006d8                DIO_INIT
 .text.DIO_WRITE_PIN_VALUE
                0x00000842       0xea ./DIO.o
                0x00000842                DIO_WRITE_PIN_VALUE
 .text.DIO_READ_PIN_VALUE
                0x0000092c       0x68 ./DIO.o
                0x0000092c                DIO_READ_PIN_VALUE
 .text.DIO_WRITE_PORT
                0x00000994       0x32 ./DIO.o
                0x00000994                DIO_WRITE_PORT
 .text.DIO_Read_PORT
                0x000009c6       0x2c ./DIO.o
                0x000009c6                DIO_Read_PORT
 .text.KEYPAD_Init
                0x000009f2       0x1e ./KEYPAD.o
                0x000009f2                KEYPAD_Init
 .text.KEYPAD_Main
                0x00000a10       0xfa ./KEYPAD.o
                0x00000a10                KEYPAD_Main
 .text.KEYPAD_Set_Request
                0x00000b0a       0x38 ./KEYPAD.o
                0x00000b0a                KEYPAD_Set_Request
 .text.LCD_Init
                0x00000b42      0x1c4 ./LCD.o
                0x00000b42                LCD_Init
 .text.LCD_Send_Command
                0x00000d06      0x15c ./LCD.o
 .text.LCD_Jumb_To
                0x00000e62       0x5a ./LCD.o
 .text.LCD_Write_Char
                0x00000ebc      0x154 ./LCD.o
 .text.LCD_Clear
                0x00001010       0x68 ./LCD.o
                0x00001010                LCD_Clear
 .text.LCD_Main
                0x00001078      0x10a ./LCD.o
                0x00001078                LCD_Main
 .text.IntToStr
                0x00001182       0x7a ./LCD.o
                0x00001182                IntToStr
 .text.CharToStr
                0x000011fc       0x32 ./LCD.o
                0x000011fc                CharToStr
 .text.LCD_Set_Request
                0x0000122e       0x32 ./LCD.o
                0x0000122e                LCD_Set_Request
 .text.Queue_Is_Full
                0x00001260       0x60 ./QUEUE.o
                0x00001260                Queue_Is_Full
 .text.Queue_Is_Empty
                0x000012c0       0x38 ./QUEUE.o
                0x000012c0                Queue_Is_Empty
 .text.Cqueue   0x000012f8       0x4c ./QUEUE.o
                0x000012f8                Cqueue
 .text.Enqueue  0x00001344      0x38e ./QUEUE.o
                0x00001344                Enqueue
 .text.Dequeue  0x000016d2      0x39c ./QUEUE.o
                0x000016d2                Dequeue
 .text.TMP_Sensor_Init
                0x00001a6e       0x2c ./TMP_SENSOR.o
                0x00001a6e                TMP_Sensor_Init
 .text.TMP_Sensor_Read
                0x00001a9a       0x22 ./TMP_SENSOR.o
                0x00001a9a                TMP_Sensor_Read
 .text.TMP_Sensor_Main
                0x00001abc       0x84 ./TMP_SENSOR.o
                0x00001abc                TMP_Sensor_Main
 .text.__vector_16
                0x00001b40       0x2a ./TMP_SENSOR.o
                0x00001b40                __vector_16
 .text.TMR0_Set_Prescaler
                0x00001b6a       0x32 ./TMR0.o
                0x00001b6a                TMR0_Set_Prescaler
 .text.TMR0_Mode
                0x00001b9c       0xce ./TMR0.o
                0x00001b9c                TMR0_Mode
 .text.TMR0_Init
                0x00001c6a       0x1e ./TMR0.o
                0x00001c6a                TMR0_Init
 .text.TMR0_INT
                0x00001c88       0x96 ./TMR0.o
                0x00001c88                TMR0_INT
 .text.TMR0_OC0
                0x00001d1e       0x52 ./TMR0.o
                0x00001d1e                TMR0_OC0
 .text.TMR0_Set_Buffer
                0x00001d70       0x4e ./TMR0.o
                0x00001d70                TMR0_Set_Buffer
 .text.TMR0_Read_Buffer
                0x00001dbe       0x50 ./TMR0.o
                0x00001dbe                TMR0_Read_Buffer
 .text.URT_Rx_INT
                0x00001e0e       0x56 ./URT.o
 .text.URT_Tx_INT
                0x00001e64       0x56 ./URT.o
 .text.URT_Rx   0x00001eba       0x56 ./URT.o
 .text.URT_Tx   0x00001f10       0x56 ./URT.o
 .text.URT_Init
                0x00001f66       0x54 ./URT.o
                0x00001f66                URT_Init
 .text.Str_Cmp  0x00001fba       0x60 ./URT.o
                0x00001fba                Str_Cmp
 .text.__vector_13
                0x0000201a       0x20 ./URT.o
                0x0000201a                __vector_13
 .text.__vector_15
                0x0000203a       0x8c ./URT.o
                0x0000203a                __vector_15
 .text.URT_Tx_Main
                0x000020c6       0x50 ./URT.o
                0x000020c6                URT_Tx_Main
 .text.URT_Tx_Set_Request
                0x00002116       0x38 ./URT.o
                0x00002116                URT_Tx_Set_Request
 .text.DISP_Update
                0x0000214e      0x1d6 ./main.o
                0x0000214e                DISP_Update
 .text.main     0x00002324       0x52 ./main.o
                0x00002324                main
 .text.libgcc   0x00002376       0x3e c:/winavr-20100110/bin/../lib/gcc/avr/4.3.3/avr5\libgcc.a(_mulsi3.o)
                0x00002376                __mulsi3
 .text.libgcc   0x000023b4       0x18 c:/winavr-20100110/bin/../lib/gcc/avr/4.3.3/avr5\libgcc.a(_udivmodqi4.o)
                0x000023b4                __udivmodqi4
 .text.libgcc   0x000023cc       0x26 c:/winavr-20100110/bin/../lib/gcc/avr/4.3.3/avr5\libgcc.a(_divmodhi4.o)
                0x000023cc                __divmodhi4
                0x000023cc                _div
 .text.libgcc   0x000023f2       0x44 c:/winavr-20100110/bin/../lib/gcc/avr/4.3.3/avr5\libgcc.a(_udivmodsi4.o)
                0x000023f2                __udivmodsi4
 .text.libgcc   0x00002436        0x0 c:/winavr-20100110/bin/../lib/gcc/avr/4.3.3/avr5\libgcc.a(_exit.o)
 .text.libgcc   0x00002436        0x0 c:/winavr-20100110/bin/../lib/gcc/avr/4.3.3/avr5\libgcc.a(_copy_data.o)
 .text.libgcc   0x00002436        0x0 c:/winavr-20100110/bin/../lib/gcc/avr/4.3.3/avr5\libgcc.a(_clear_bss.o)
 .text.libgcc   0x00002436       0x28 c:/winavr-20100110/bin/../lib/gcc/avr/4.3.3/avr5\libgcc.a(_udivmodhi4.o)
                0x00002436                __udivmodhi4
                0x0000245e                . = ALIGN (0x2)
 *(.fini9)
 .fini9         0x0000245e        0x0 c:/winavr-20100110/bin/../lib/gcc/avr/4.3.3/avr5\libgcc.a(_exit.o)
                0x0000245e                exit
                0x0000245e                _exit
 *(.fini9)
 *(.fini8)
 *(.fini8)
 *(.fini7)
 *(.fini7)
 *(.fini6)
 *(.fini6)
 *(.fini5)
 *(.fini5)
 *(.fini4)
 *(.fini4)
 *(.fini3)
 *(.fini3)
 *(.fini2)
 *(.fini2)
 *(.fini1)
 *(.fini1)
 *(.fini0)
 .fini0         0x0000245e        0x4 c:/winavr-20100110/bin/../lib/gcc/avr/4.3.3/avr5\libgcc.a(_exit.o)
 *(.fini0)
                0x00002462                _etext = .

.data           0x00800060       0x9a load address 0x00002462
                0x00800060                PROVIDE (__data_start, .)
 *(.data)
 .data          0x00800060        0x0 c:/winavr-20100110/bin/../lib/gcc/avr/4.3.3/../../../../avr/lib/avr5/crtm32.o
 .data          0x00800060        0x0 ./ADC.o
 .data          0x00800060        0x0 ./CO_SCH.o
 .data          0x00800060        0x0 ./DIO.o
 .data          0x00800060        0x0 ./DIO_CFG.o
 .data          0x00800060        0x0 ./KEYPAD.o
 .data          0x00800060        0x0 ./KEYPAD_CFG.o
 .data          0x00800060        0x0 ./LCD.o
 .data          0x00800060        0x0 ./QUEUE.o
 .data          0x00800060        0x0 ./TMP_SENSOR.o
 .data          0x00800060        0x0 ./TMR0.o
 .data          0x00800060        0x0 ./URT.o
 .data          0x00800060       0x33 ./main.o
 .data          0x00800093        0x0 c:/winavr-20100110/bin/../lib/gcc/avr/4.3.3/avr5\libgcc.a(_mulsi3.o)
 .data          0x00800093        0x0 c:/winavr-20100110/bin/../lib/gcc/avr/4.3.3/avr5\libgcc.a(_udivmodqi4.o)
 .data          0x00800093        0x0 c:/winavr-20100110/bin/../lib/gcc/avr/4.3.3/avr5\libgcc.a(_divmodhi4.o)
 .data          0x00800093        0x0 c:/winavr-20100110/bin/../lib/gcc/avr/4.3.3/avr5\libgcc.a(_udivmodsi4.o)
 .data          0x00800093        0x0 c:/winavr-20100110/bin/../lib/gcc/avr/4.3.3/avr5\libgcc.a(_exit.o)
 .data          0x00800093        0x0 c:/winavr-20100110/bin/../lib/gcc/avr/4.3.3/avr5\libgcc.a(_copy_data.o)
 .data          0x00800093        0x0 c:/winavr-20100110/bin/../lib/gcc/avr/4.3.3/avr5\libgcc.a(_clear_bss.o)
 .data          0x00800093        0x0 c:/winavr-20100110/bin/../lib/gcc/avr/4.3.3/avr5\libgcc.a(_udivmodhi4.o)
 *(.data*)
 .data.Pin_Direction
                0x00800093       0x20 ./DIO_CFG.o
                0x00800093                Pin_Direction
 .data.PBTN_Arr
                0x008000b3       0x1e ./KEYPAD_CFG.o
                0x008000b3                PBTN_Arr
 .data.URT_Tx_Message_Finished
                0x008000d1        0x1 ./URT.o
 *(.rodata)
 *(.rodata*)
 .rodata.Reg.1262
                0x008000d2        0x8 ./DIO.o
 .rodata.Reg.1316
                0x008000da        0x8 ./DIO.o
 .rodata.Reg.1351
                0x008000e2        0x8 ./DIO.o
 .rodata.Reg.1371
                0x008000ea        0x8 ./DIO.o
 .rodata.Reg.1377
                0x008000f2        0x8 ./DIO.o
 *(.gnu.linkonce.d*)
                0x008000fa                . = ALIGN (0x2)
                0x008000fa                _edata = .
                0x008000fa                PROVIDE (__data_end, .)

.bss            0x008000fa       0x50
                0x008000fa                PROVIDE (__bss_start, .)
 *(.bss)
 .bss           0x008000fa        0x0 c:/winavr-20100110/bin/../lib/gcc/avr/4.3.3/../../../../avr/lib/avr5/crtm32.o
 .bss           0x008000fa        0x0 ./ADC.o
 .bss           0x008000fa        0x0 ./CO_SCH.o
 .bss           0x008000fa        0x0 ./DIO.o
 .bss           0x008000fa        0x0 ./DIO_CFG.o
 .bss           0x008000fa        0x0 ./KEYPAD.o
 .bss           0x008000fa        0x0 ./KEYPAD_CFG.o
 .bss           0x008000fa        0x0 ./LCD.o
 .bss           0x008000fa        0x0 ./QUEUE.o
 .bss           0x008000fa        0x0 ./TMP_SENSOR.o
 .bss           0x008000fa        0x0 ./TMR0.o
 .bss           0x008000fa        0x0 ./URT.o
 .bss           0x008000fa        0x0 ./main.o
 .bss           0x008000fa        0x0 c:/winavr-20100110/bin/../lib/gcc/avr/4.3.3/avr5\libgcc.a(_mulsi3.o)
 .bss           0x008000fa        0x0 c:/winavr-20100110/bin/../lib/gcc/avr/4.3.3/avr5\libgcc.a(_udivmodqi4.o)
 .bss           0x008000fa        0x0 c:/winavr-20100110/bin/../lib/gcc/avr/4.3.3/avr5\libgcc.a(_divmodhi4.o)
 .bss           0x008000fa        0x0 c:/winavr-20100110/bin/../lib/gcc/avr/4.3.3/avr5\libgcc.a(_udivmodsi4.o)
 .bss           0x008000fa        0x0 c:/winavr-20100110/bin/../lib/gcc/avr/4.3.3/avr5\libgcc.a(_exit.o)
 .bss           0x008000fa        0x0 c:/winavr-20100110/bin/../lib/gcc/avr/4.3.3/avr5\libgcc.a(_copy_data.o)
 .bss           0x008000fa        0x0 c:/winavr-20100110/bin/../lib/gcc/avr/4.3.3/avr5\libgcc.a(_clear_bss.o)
 .bss           0x008000fa        0x0 c:/winavr-20100110/bin/../lib/gcc/avr/4.3.3/avr5\libgcc.a(_udivmodhi4.o)
 *(.bss*)
 .bss.CO_SCH_Update
                0x008000fa        0x1 ./CO_SCH.o
 .bss.Id.1297   0x008000fb        0x1 ./CO_SCH.o
 .bss.CO_SCH_Task
                0x008000fc       0x18 ./CO_SCH.o
 .bss.KEYPAD_Arr
                0x00800114        0x3 ./KEYPAD.o
 .bss.KEYPAD_Queue
                0x00800117        0x5 ./KEYPAD.o
 .bss.Configuration_Process
                0x0080011c        0x1 ./LCD.o
 .bss.Cnt.1361  0x0080011d        0x1 ./LCD.o
 .bss.Write_Operation_State.1407
                0x0080011e        0x1 ./LCD.o
 .bss.Write_Operation_State.1463
                0x0080011f        0x1 ./LCD.o
 .bss.Cnt.1497  0x00800120        0x1 ./LCD.o
 .bss.MyMessage.1517
                0x00800121        0x4 ./LCD.o
 .bss.Idx.1516  0x00800125        0x1 ./LCD.o
 .bss.State.1515
                0x00800126        0x1 ./LCD.o
 .bss.Address_Counter
                0x00800127        0x1 ./LCD.o
 .bss.LCD_Messages
                0x00800128        0x8 ./LCD.o
 .bss.LCD_Queue
                0x00800130        0x5 ./LCD.o
 .bss.ADC_Finished
                0x00800135        0x1 ./TMP_SENSOR.o
 .bss.TMP_Reading
                0x00800136        0x4 ./TMP_SENSOR.o
 .bss.URT_Tx_Curr_Char_Idx
                0x0080013a        0x1 ./URT.o
 .bss.URT_Tx_Arr
                0x0080013b        0x6 ./URT.o
 .bss.URT_Tx_Curr_Message
                0x00800141        0x2 ./URT.o
 .bss.urt_mess_no.1402
                0x00800143        0x1 ./main.o
 .bss.Curr_Col.1401
                0x00800144        0x1 ./main.o
 *(COMMON)
 COMMON         0x00800145        0x5 ./URT.o
                0x00800145                URT_Tx_Queue
                0x0080014a                PROVIDE (__bss_end, .)
                0x00002462                __data_load_start = LOADADDR (.data)
                0x000024fc                __data_load_end = (__data_load_start + SIZEOF (.data))

.noinit         0x0080014a        0x0
                0x0080014a                PROVIDE (__noinit_start, .)
 *(.noinit*)
                0x0080014a                PROVIDE (__noinit_end, .)
                0x0080014a                _end = .
                0x0080014a                PROVIDE (__heap_start, .)

.eeprom         0x00810000        0x0
 *(.eeprom*)
                0x00810000                __eeprom_end = .

.fuse
 *(.fuse)
 *(.lfuse)
 *(.hfuse)
 *(.efuse)

.lock
 *(.lock*)

.signature
 *(.signature*)

.stab           0x00000000     0x3258
 *(.stab)
 .stab          0x00000000      0x4c8 ./ADC.o
 .stab          0x000004c8      0x594 ./CO_SCH.o
                                0x648 (size before relaxing)
 .stab          0x00000a5c      0x474 ./DIO.o
                                0x528 (size before relaxing)
 .stab          0x00000ed0       0xfc ./DIO_CFG.o
                                0x21c (size before relaxing)
 .stab          0x00000fcc      0x2e8 ./KEYPAD.o
                                0x408 (size before relaxing)
 .stab          0x000012b4      0x108 ./KEYPAD_CFG.o
                                0x258 (size before relaxing)
 .stab          0x000013bc      0xa50 ./LCD.o
                                0xba0 (size before relaxing)
 .stab          0x00001e0c      0x570 ./QUEUE.o
                                0x6cc (size before relaxing)
 .stab          0x0000237c      0x228 ./TMP_SENSOR.o
                                0x348 (size before relaxing)
 .stab          0x000025a4      0x3c0 ./TMR0.o
                                0x4f8 (size before relaxing)
 .stab          0x00002964      0x558 ./URT.o
                                0x63c (size before relaxing)
 .stab          0x00002ebc      0x39c ./main.o
                                0x5dc (size before relaxing)

.stabstr        0x00000000     0x1b3e
 *(.stabstr)
 .stabstr       0x00000000     0x1b3e ./ADC.o

.stab.excl
 *(.stab.excl)

.stab.exclstr
 *(.stab.exclstr)

.stab.index
 *(.stab.index)

.stab.indexstr
 *(.stab.indexstr)

.comment
 *(.comment)

.debug
 *(.debug)

.line
 *(.line)

.debug_srcinfo
 *(.debug_srcinfo)

.debug_sfnames
 *(.debug_sfnames)

.debug_aranges
 *(.debug_aranges)

.debug_pubnames
 *(.debug_pubnames)

.debug_info
 *(.debug_info)
 *(.gnu.linkonce.wi.*)

.debug_abbrev
 *(.debug_abbrev)

.debug_line
 *(.debug_line)

.debug_frame
 *(.debug_frame)

.debug_str
 *(.debug_str)

.debug_loc
 *(.debug_loc)

.debug_macinfo
 *(.debug_macinfo)
OUTPUT(rots_help.elf elf32-avr)
LOAD linker stubs
